// Jest Snapshot v1, https://goo.gl/fbAQLP

exports[`Accessible autocomplete when it includes a hint renders the hint 1`] = `

<div id="location-picker-hint"
     class="govuk-hint"
>
  Please select a country
</div>

`;

exports[`Accessible autocomplete when it includes an error message renders the error message 1`] = `

<p id="location-picker-error"
   class="govuk-error-message"
>
</p>

`;

exports[`Accessible autocomplete with dependant components renders with label 1`] = `

<label class="govuk-label"
       for="location-picker"
>
  Select country
</label>

`;
