// Jest Snapshot v1, https://goo.gl/fbAQLP

exports[`Currency input when it includes a hint renders the hint 1`] = `

<div id="input-with-hint-hint"
     class="govuk-hint"
>
  Enter the amount in pounds and pence, for example £30.00 or £50.99
</div>

`;

exports[`Currency input when it includes an error message renders the error message 1`] = `

<p id="input-with-error-error"
   class="govuk-error-message"
>
  Error message
</p>

`;

exports[`Currency input with dependant components renders with label 1`] = `

<label class="govuk-label"
       for="my-input"
>
  National Insurance number
</label>

`;
